../Core/Src/main.c:74:6:HAL_UART_TxCpltCallback	16	static
../Core/Src/main.c:81:6:HAL_TIM_PeriodElapsedCallback	40	static
../Core/Src/main.c:120:5:main	8	static
../Core/Src/main.c:178:6:SystemClock_Config	88	static
../Core/Src/main.c:225:13:MX_TIM2_Init	32	static
../Core/Src/main.c:270:13:MX_TIM3_Init	56	static
../Core/Src/main.c:319:13:MX_USART2_UART_Init	8	static
../Core/Src/main.c:350:13:MX_DMA_Init	16	static
../Core/Src/main.c:368:13:MX_GPIO_Init	48	static
../Core/Src/main.c:410:6:Error_Handler	4	static,ignoring_inline_asm
