../Core/Src/main.c:88:5:main	8	static
../Core/Src/main.c:137:6:SystemClock_Config	88	static
../Core/Src/main.c:184:13:MX_TIM2_Init	32	static
../Core/Src/main.c:229:13:MX_USART2_UART_Init	8	static
../Core/Src/main.c:260:13:MX_DMA_Init	16	static
../Core/Src/main.c:278:13:MX_GPIO_Init	48	static
../Core/Src/main.c:323:6:activateColumn	40	static
../Core/Src/main.c:338:6:HAL_TIM_PeriodElapsedCallback	40	static
../Core/Src/main.c:360:6:HAL_UART_TxCpltCallback	16	static
../Core/Src/main.c:369:6:Error_Handler	4	static,ignoring_inline_asm
