../Core/Src/main.c:89:6:HAL_UART_TxCpltCallback	16	static
../Core/Src/main.c:94:6:HAL_TIM_PeriodElapsedCallback	32	static
../Core/Src/main.c:106:6:HAL_I2C_MasterRxCpltCallback	128	static
../Core/Src/main.c:126:5:main	88	static
../Core/Src/main.c:195:6:SystemClock_Config	88	static
../Core/Src/main.c:242:13:MX_I2C1_Init	8	static
../Core/Src/main.c:276:13:MX_TIM2_Init	32	static
../Core/Src/main.c:321:13:MX_USART2_UART_Init	8	static
../Core/Src/main.c:352:13:MX_DMA_Init	16	static
../Core/Src/main.c:373:13:MX_GPIO_Init	48	static
../Core/Src/main.c:415:6:Error_Handler	4	static,ignoring_inline_asm
