../Core/Src/main.c:113:6:playnote	88	static
../Core/Src/main.c:172:6:playsong	8	static
../Core/Src/main.c:179:6:HAL_GPIO_EXTI_Callback	16	static
../Core/Src/main.c:190:6:HAL_TIM_PeriodElapsedCallback	16	static
../Core/Src/main.c:212:5:main	8	static
../Core/Src/main.c:258:6:SystemClock_Config	88	static
../Core/Src/main.c:305:13:MX_TIM1_Init	80	static
../Core/Src/main.c:370:13:MX_TIM3_Init	32	static
../Core/Src/main.c:415:13:MX_USART2_UART_Init	8	static
../Core/Src/main.c:448:13:MX_GPIO_Init	48	static
../Core/Src/main.c:500:6:Error_Handler	4	static,ignoring_inline_asm
