../Core/Src/main.c:85:6:send_byte	16	static
../Core/Src/main.c:101:5:main	8	static
../Core/Src/main.c:149:6:SystemClock_Config	88	static
../Core/Src/main.c:196:13:MX_TIM2_Init	48	static
../Core/Src/main.c:245:13:MX_TIM3_Init	32	static
../Core/Src/main.c:290:13:MX_TIM10_Init	8	static
../Core/Src/main.c:321:13:MX_USART2_UART_Init	8	static
../Core/Src/main.c:354:13:MX_GPIO_Init	48	static
../Core/Src/main.c:399:6:HAL_TIM_PeriodElapsedCallback	24	static
../Core/Src/main.c:497:6:Error_Handler	4	static,ignoring_inline_asm
