../Core/Src/main.c:211:6:set_matrix	16	static
../Core/Src/main.c:244:5:main	8	static
../Core/Src/main.c:297:6:SystemClock_Config	88	static
../Core/Src/main.c:344:13:MX_SPI1_Init	8	static
../Core/Src/main.c:382:13:MX_TIM10_Init	8	static
../Core/Src/main.c:413:13:MX_USART1_UART_Init	8	static
../Core/Src/main.c:446:13:MX_USART2_UART_Init	8	static
../Core/Src/main.c:477:13:MX_DMA_Init	16	static
../Core/Src/main.c:495:13:MX_GPIO_Init	48	static
../Core/Src/main.c:531:6:HAL_TIM_PeriodElapsedCallback	16	static
../Core/Src/main.c:537:6:HAL_SPI_TxCpltCallback	16	static
../Core/Src/main.c:546:6:HAL_UART_RxCpltCallback	16	static
../Core/Src/main.c:560:6:Error_Handler	4	static,ignoring_inline_asm
